<?xml version="1.0" encoding="UTF-8"?>
<TestRun id="dcec0fd3-4116-42cd-a84c-35f79b9c9fcd" name="shibathethinker@SHIBASIS 2019-02-01 13:26:42" runUser="SHIBASIS\shibathethinker" xmlns="http://microsoft.com/schemas/VisualStudio/TeamTest/2010">
  <TestSettings name="Local" id="b2911e99-cd20-407d-b0ac-3703ca589d90">
    <Description>These are default test settings for a local test run.</Description>
    <Deployment enabled="false" runDeploymentRoot="shibathethinker_SHIBASIS 2019-02-01 13_26_42">
      <DeploymentItem filename="C:\Users\shibathethinker\Documents\GitHub\Csharp_Projects\NASA_Rover\Rover_Project\bin\Debug\Rover_Project.exe" />
    </Deployment>
    <Execution>
      <TestTypeSpecific />
      <AgentRule name="Execution Agents">
      </AgentRule>
    </Execution>
  </TestSettings>
  <Times creation="2019-02-01T13:26:42.6083195+11:00" queuing="2019-02-01T13:26:44.5473417+11:00" start="2019-02-01T13:26:44.7322545+11:00" finish="2019-02-01T13:27:15.1488183+11:00" />
  <ResultSummary outcome="Error">
    <Counters total="5" executed="1" error="0" failed="0" timeout="0" aborted="1" inconclusive="0" passedButRunAborted="0" notRunnable="0" notExecuted="4" disconnected="0" warning="0" passed="0" completed="0" inProgress="0" pending="0" />
    <RunInfos>
      <RunInfo computerName="SHIBASIS" outcome="Error" timestamp="2019-02-01T13:27:15.1468181+11:00">
        <Text>Test host process exited unexpectedly.</Text>
      </RunInfo>
    </RunInfos>
  </ResultSummary>
  <TestDefinitions>
    <UnitTest name="TestMethod1" storage="c:\users\shibathethinker\documents\github\csharp_projects\nasa_rover\rover_project\testproject1\bin\debug\testproject1.dll" id="ad616acd-2838-3dbd-c1c0-4bd9e5b4b309">
      <Execution id="f6829061-4fc9-4032-af1b-10a2a0cea8c0" />
      <TestMethod codeBase="C:/Users/shibathethinker/Documents/GitHub/Csharp_Projects/NASA_Rover/Rover_Project/TestProject1/bin/Debug/TestProject1.DLL" adapterTypeName="Microsoft.VisualStudio.TestTools.TestTypes.Unit.UnitTestAdapter, Microsoft.VisualStudio.QualityTools.Tips.UnitTest.Adapter, Version=10.0.0.0, Culture=neutral, PublicKeyToken=b03f5f7f11d50a3a" className="TestProject1.UnitTestRover, TestProject1, Version=1.0.0.0, Culture=neutral, PublicKeyToken=null" name="TestMethod1" />
    </UnitTest>
    <UnitTest name="TestMethod3" storage="c:\users\shibathethinker\documents\github\csharp_projects\nasa_rover\rover_project\testproject1\bin\debug\testproject1.dll" id="22a2fac6-1c6c-c526-e7b0-1c4a8023046b">
      <Execution id="bd98fefa-4e1b-4529-a950-2c3a905c5050" />
      <TestMethod codeBase="C:/Users/shibathethinker/Documents/GitHub/Csharp_Projects/NASA_Rover/Rover_Project/TestProject1/bin/Debug/TestProject1.DLL" adapterTypeName="Microsoft.VisualStudio.TestTools.TestTypes.Unit.UnitTestAdapter, Microsoft.VisualStudio.QualityTools.Tips.UnitTest.Adapter, Version=10.0.0.0, Culture=neutral, PublicKeyToken=b03f5f7f11d50a3a" className="TestProject1.UnitTestRover, TestProject1, Version=1.0.0.0, Culture=neutral, PublicKeyToken=null" name="TestMethod3" />
    </UnitTest>
    <UnitTest name="TestMethod5" storage="c:\users\shibathethinker\documents\github\csharp_projects\nasa_rover\rover_project\testproject1\bin\debug\testproject1.dll" id="0fb994ef-ca46-bf38-d38a-44d31364ff3b">
      <Execution id="12f56009-528b-4942-b2c2-58f9022698a9" />
      <TestMethod codeBase="C:/Users/shibathethinker/Documents/GitHub/Csharp_Projects/NASA_Rover/Rover_Project/TestProject1/bin/Debug/TestProject1.DLL" adapterTypeName="Microsoft.VisualStudio.TestTools.TestTypes.Unit.UnitTestAdapter, Microsoft.VisualStudio.QualityTools.Tips.UnitTest.Adapter, Version=10.0.0.0, Culture=neutral, PublicKeyToken=b03f5f7f11d50a3a" className="TestProject1.UnitTestRover, TestProject1, Version=1.0.0.0, Culture=neutral, PublicKeyToken=null" name="TestMethod5" />
    </UnitTest>
    <UnitTest name="TestMethod4" storage="c:\users\shibathethinker\documents\github\csharp_projects\nasa_rover\rover_project\testproject1\bin\debug\testproject1.dll" id="52ed34ed-9626-2df1-fd64-50c20bffe11c">
      <Execution id="220ca283-ffbf-4e6b-8023-ea9747b617a4" />
      <TestMethod codeBase="C:/Users/shibathethinker/Documents/GitHub/Csharp_Projects/NASA_Rover/Rover_Project/TestProject1/bin/Debug/TestProject1.DLL" adapterTypeName="Microsoft.VisualStudio.TestTools.TestTypes.Unit.UnitTestAdapter, Microsoft.VisualStudio.QualityTools.Tips.UnitTest.Adapter, Version=10.0.0.0, Culture=neutral, PublicKeyToken=b03f5f7f11d50a3a" className="TestProject1.UnitTestRover, TestProject1, Version=1.0.0.0, Culture=neutral, PublicKeyToken=null" name="TestMethod4" />
    </UnitTest>
    <UnitTest name="TestMethod2" storage="c:\users\shibathethinker\documents\github\csharp_projects\nasa_rover\rover_project\testproject1\bin\debug\testproject1.dll" id="434daec2-f146-0c86-1919-a9a24af40d21">
      <Execution id="ed2279e0-624d-4558-96ae-49d625301173" />
      <TestMethod codeBase="C:/Users/shibathethinker/Documents/GitHub/Csharp_Projects/NASA_Rover/Rover_Project/TestProject1/bin/Debug/TestProject1.DLL" adapterTypeName="Microsoft.VisualStudio.TestTools.TestTypes.Unit.UnitTestAdapter, Microsoft.VisualStudio.QualityTools.Tips.UnitTest.Adapter, Version=10.0.0.0, Culture=neutral, PublicKeyToken=b03f5f7f11d50a3a" className="TestProject1.UnitTestRover, TestProject1, Version=1.0.0.0, Culture=neutral, PublicKeyToken=null" name="TestMethod2" />
    </UnitTest>
  </TestDefinitions>
  <TestLists>
    <TestList name="Results Not in a List" id="8c84fa94-04c1-424b-9868-57a2d4851a1d" />
    <TestList name="All Loaded Results" id="19431567-8539-422a-85d7-44ee4e166bda" />
  </TestLists>
  <TestEntries>
    <TestEntry testId="0fb994ef-ca46-bf38-d38a-44d31364ff3b" executionId="12f56009-528b-4942-b2c2-58f9022698a9" testListId="8c84fa94-04c1-424b-9868-57a2d4851a1d" />
    <TestEntry testId="22a2fac6-1c6c-c526-e7b0-1c4a8023046b" executionId="bd98fefa-4e1b-4529-a950-2c3a905c5050" testListId="8c84fa94-04c1-424b-9868-57a2d4851a1d" />
    <TestEntry testId="434daec2-f146-0c86-1919-a9a24af40d21" executionId="ed2279e0-624d-4558-96ae-49d625301173" testListId="8c84fa94-04c1-424b-9868-57a2d4851a1d" />
    <TestEntry testId="52ed34ed-9626-2df1-fd64-50c20bffe11c" executionId="220ca283-ffbf-4e6b-8023-ea9747b617a4" testListId="8c84fa94-04c1-424b-9868-57a2d4851a1d" />
    <TestEntry testId="ad616acd-2838-3dbd-c1c0-4bd9e5b4b309" executionId="f6829061-4fc9-4032-af1b-10a2a0cea8c0" testListId="8c84fa94-04c1-424b-9868-57a2d4851a1d" />
  </TestEntries>
  <Results>
    <UnitTestResult executionId="12f56009-528b-4942-b2c2-58f9022698a9" testId="0fb994ef-ca46-bf38-d38a-44d31364ff3b" testName="TestMethod5" computerName="SHIBASIS" duration="00:00:30.2986367" startTime="2019-02-01T13:26:44.8491825+11:00" endTime="2019-02-01T13:27:15.1478192+11:00" testType="13cdc9d9-ddb5-4fa4-a97d-d965ccfc6d4b" outcome="Aborted" testListId="8c84fa94-04c1-424b-9868-57a2d4851a1d" relativeResultsDirectory="12f56009-528b-4942-b2c2-58f9022698a9">
    </UnitTestResult>
    <UnitTestResult executionId="bd98fefa-4e1b-4529-a950-2c3a905c5050" testId="22a2fac6-1c6c-c526-e7b0-1c4a8023046b" testName="TestMethod3" computerName="SHIBASIS" testType="13cdc9d9-ddb5-4fa4-a97d-d965ccfc6d4b" outcome="NotExecuted" testListId="8c84fa94-04c1-424b-9868-57a2d4851a1d" relativeResultsDirectory="bd98fefa-4e1b-4529-a950-2c3a905c5050">
    </UnitTestResult>
    <UnitTestResult executionId="ed2279e0-624d-4558-96ae-49d625301173" testId="434daec2-f146-0c86-1919-a9a24af40d21" testName="TestMethod2" computerName="SHIBASIS" testType="13cdc9d9-ddb5-4fa4-a97d-d965ccfc6d4b" outcome="NotExecuted" testListId="8c84fa94-04c1-424b-9868-57a2d4851a1d" relativeResultsDirectory="ed2279e0-624d-4558-96ae-49d625301173">
    </UnitTestResult>
    <UnitTestResult executionId="220ca283-ffbf-4e6b-8023-ea9747b617a4" testId="52ed34ed-9626-2df1-fd64-50c20bffe11c" testName="TestMethod4" computerName="SHIBASIS" testType="13cdc9d9-ddb5-4fa4-a97d-d965ccfc6d4b" outcome="NotExecuted" testListId="8c84fa94-04c1-424b-9868-57a2d4851a1d" relativeResultsDirectory="220ca283-ffbf-4e6b-8023-ea9747b617a4">
    </UnitTestResult>
    <UnitTestResult executionId="f6829061-4fc9-4032-af1b-10a2a0cea8c0" testId="ad616acd-2838-3dbd-c1c0-4bd9e5b4b309" testName="TestMethod1" computerName="SHIBASIS" testType="13cdc9d9-ddb5-4fa4-a97d-d965ccfc6d4b" outcome="NotExecuted" testListId="8c84fa94-04c1-424b-9868-57a2d4851a1d" relativeResultsDirectory="f6829061-4fc9-4032-af1b-10a2a0cea8c0">
    </UnitTestResult>
  </Results>
</TestRun>