<?xml version="1.0" encoding="UTF-8"?>
<TestRun id="b540e6b1-ff8e-46dd-b7c0-b2d6b2bb0339" name="shibathethinker@SHIBASIS 2019-02-01 13:33:14" runUser="SHIBASIS\shibathethinker" xmlns="http://microsoft.com/schemas/VisualStudio/TeamTest/2010">
  <TestSettings name="Local" id="b2911e99-cd20-407d-b0ac-3703ca589d90">
    <Description>These are default test settings for a local test run.</Description>
    <Deployment userDeploymentRoot="C:\Users\shibathethinker\Documents\GitHub\Csharp_Projects\NASA_Rover\Rover_Project\TestResults" useDefaultDeploymentRoot="false" enabled="false" runDeploymentRoot="shibathethinker_SHIBASIS 2019-02-01 13_33_14">
      <DeploymentItem filename="C:\Users\shibathethinker\Documents\GitHub\Csharp_Projects\NASA_Rover\Rover_Project\bin\Debug\Rover_Project.exe" />
    </Deployment>
    <Execution>
      <TestTypeSpecific />
      <AgentRule name="Execution Agents">
      </AgentRule>
    </Execution>
  </TestSettings>
  <Times creation="2019-02-01T13:33:14.0639525+11:00" queuing="2019-02-01T13:33:14.1658959+11:00" start="2019-02-01T13:33:14.1728902+11:00" finish="2019-02-01T13:33:14.5146944+11:00" />
  <ResultSummary outcome="Completed">
    <Counters total="5" executed="5" passed="5" error="0" failed="0" timeout="0" aborted="0" inconclusive="0" passedButRunAborted="0" notRunnable="0" notExecuted="0" disconnected="0" warning="0" completed="0" inProgress="0" pending="0" />
  </ResultSummary>
  <TestDefinitions>
    <UnitTest name="TestMethod1" storage="c:\users\shibathethinker\documents\github\csharp_projects\nasa_rover\rover_project\testproject1\bin\debug\testproject1.dll" id="ad616acd-2838-3dbd-c1c0-4bd9e5b4b309">
      <Execution id="3a9f086e-7a21-42b1-ba3e-ad7752d49483" />
      <TestMethod codeBase="C:/Users/shibathethinker/Documents/GitHub/Csharp_Projects/NASA_Rover/Rover_Project/TestProject1/bin/Debug/TestProject1.DLL" adapterTypeName="Microsoft.VisualStudio.TestTools.TestTypes.Unit.UnitTestAdapter, Microsoft.VisualStudio.QualityTools.Tips.UnitTest.Adapter, Version=10.0.0.0, Culture=neutral, PublicKeyToken=b03f5f7f11d50a3a" className="TestProject1.UnitTestRover, TestProject1, Version=1.0.0.0, Culture=neutral, PublicKeyToken=null" name="TestMethod1" />
    </UnitTest>
    <UnitTest name="TestMethod3" storage="c:\users\shibathethinker\documents\github\csharp_projects\nasa_rover\rover_project\testproject1\bin\debug\testproject1.dll" id="22a2fac6-1c6c-c526-e7b0-1c4a8023046b">
      <Execution id="60062306-f708-47df-b542-2459f1a24abe" />
      <TestMethod codeBase="C:/Users/shibathethinker/Documents/GitHub/Csharp_Projects/NASA_Rover/Rover_Project/TestProject1/bin/Debug/TestProject1.DLL" adapterTypeName="Microsoft.VisualStudio.TestTools.TestTypes.Unit.UnitTestAdapter, Microsoft.VisualStudio.QualityTools.Tips.UnitTest.Adapter, Version=10.0.0.0, Culture=neutral, PublicKeyToken=b03f5f7f11d50a3a" className="TestProject1.UnitTestRover, TestProject1, Version=1.0.0.0, Culture=neutral, PublicKeyToken=null" name="TestMethod3" />
    </UnitTest>
    <UnitTest name="TestMethod5" storage="c:\users\shibathethinker\documents\github\csharp_projects\nasa_rover\rover_project\testproject1\bin\debug\testproject1.dll" id="0fb994ef-ca46-bf38-d38a-44d31364ff3b">
      <Execution id="15e432db-6388-4f76-ada5-f8f0227dd141" />
      <TestMethod codeBase="C:/Users/shibathethinker/Documents/GitHub/Csharp_Projects/NASA_Rover/Rover_Project/TestProject1/bin/Debug/TestProject1.DLL" adapterTypeName="Microsoft.VisualStudio.TestTools.TestTypes.Unit.UnitTestAdapter, Microsoft.VisualStudio.QualityTools.Tips.UnitTest.Adapter, Version=10.0.0.0, Culture=neutral, PublicKeyToken=b03f5f7f11d50a3a" className="TestProject1.UnitTestRover, TestProject1, Version=1.0.0.0, Culture=neutral, PublicKeyToken=null" name="TestMethod5" />
    </UnitTest>
    <UnitTest name="TestMethod4" storage="c:\users\shibathethinker\documents\github\csharp_projects\nasa_rover\rover_project\testproject1\bin\debug\testproject1.dll" id="52ed34ed-9626-2df1-fd64-50c20bffe11c">
      <Execution id="1f6d45e5-a2c4-45d5-af0e-873d95817bfe" />
      <TestMethod codeBase="C:/Users/shibathethinker/Documents/GitHub/Csharp_Projects/NASA_Rover/Rover_Project/TestProject1/bin/Debug/TestProject1.DLL" adapterTypeName="Microsoft.VisualStudio.TestTools.TestTypes.Unit.UnitTestAdapter, Microsoft.VisualStudio.QualityTools.Tips.UnitTest.Adapter, Version=10.0.0.0, Culture=neutral, PublicKeyToken=b03f5f7f11d50a3a" className="TestProject1.UnitTestRover, TestProject1, Version=1.0.0.0, Culture=neutral, PublicKeyToken=null" name="TestMethod4" />
    </UnitTest>
    <UnitTest name="TestMethod2" storage="c:\users\shibathethinker\documents\github\csharp_projects\nasa_rover\rover_project\testproject1\bin\debug\testproject1.dll" id="434daec2-f146-0c86-1919-a9a24af40d21">
      <Execution id="27330ffc-c523-4230-9aaf-a0d2772f83bd" />
      <TestMethod codeBase="C:/Users/shibathethinker/Documents/GitHub/Csharp_Projects/NASA_Rover/Rover_Project/TestProject1/bin/Debug/TestProject1.DLL" adapterTypeName="Microsoft.VisualStudio.TestTools.TestTypes.Unit.UnitTestAdapter, Microsoft.VisualStudio.QualityTools.Tips.UnitTest.Adapter, Version=10.0.0.0, Culture=neutral, PublicKeyToken=b03f5f7f11d50a3a" className="TestProject1.UnitTestRover, TestProject1, Version=1.0.0.0, Culture=neutral, PublicKeyToken=null" name="TestMethod2" />
    </UnitTest>
  </TestDefinitions>
  <TestLists>
    <TestList name="Results Not in a List" id="8c84fa94-04c1-424b-9868-57a2d4851a1d" />
    <TestList name="All Loaded Results" id="19431567-8539-422a-85d7-44ee4e166bda" />
  </TestLists>
  <TestEntries>
    <TestEntry testId="0fb994ef-ca46-bf38-d38a-44d31364ff3b" executionId="15e432db-6388-4f76-ada5-f8f0227dd141" testListId="8c84fa94-04c1-424b-9868-57a2d4851a1d" />
    <TestEntry testId="22a2fac6-1c6c-c526-e7b0-1c4a8023046b" executionId="60062306-f708-47df-b542-2459f1a24abe" testListId="8c84fa94-04c1-424b-9868-57a2d4851a1d" />
    <TestEntry testId="434daec2-f146-0c86-1919-a9a24af40d21" executionId="27330ffc-c523-4230-9aaf-a0d2772f83bd" testListId="8c84fa94-04c1-424b-9868-57a2d4851a1d" />
    <TestEntry testId="52ed34ed-9626-2df1-fd64-50c20bffe11c" executionId="1f6d45e5-a2c4-45d5-af0e-873d95817bfe" testListId="8c84fa94-04c1-424b-9868-57a2d4851a1d" />
    <TestEntry testId="ad616acd-2838-3dbd-c1c0-4bd9e5b4b309" executionId="3a9f086e-7a21-42b1-ba3e-ad7752d49483" testListId="8c84fa94-04c1-424b-9868-57a2d4851a1d" />
  </TestEntries>
  <Results>
    <UnitTestResult executionId="15e432db-6388-4f76-ada5-f8f0227dd141" testId="0fb994ef-ca46-bf38-d38a-44d31364ff3b" testName="TestMethod5" computerName="SHIBASIS" duration="00:00:00.0168427" startTime="2019-02-01T13:33:14.1838838+11:00" endTime="2019-02-01T13:33:14.4537312+11:00" testType="13cdc9d9-ddb5-4fa4-a97d-d965ccfc6d4b" outcome="Passed" testListId="8c84fa94-04c1-424b-9868-57a2d4851a1d" relativeResultsDirectory="15e432db-6388-4f76-ada5-f8f0227dd141">
    </UnitTestResult>
    <UnitTestResult executionId="60062306-f708-47df-b542-2459f1a24abe" testId="22a2fac6-1c6c-c526-e7b0-1c4a8023046b" testName="TestMethod3" computerName="SHIBASIS" duration="00:00:00.0020144" startTime="2019-02-01T13:33:14.4617254+11:00" endTime="2019-02-01T13:33:14.4657243+11:00" testType="13cdc9d9-ddb5-4fa4-a97d-d965ccfc6d4b" outcome="Passed" testListId="8c84fa94-04c1-424b-9868-57a2d4851a1d" relativeResultsDirectory="60062306-f708-47df-b542-2459f1a24abe">
    </UnitTestResult>
    <UnitTestResult executionId="27330ffc-c523-4230-9aaf-a0d2772f83bd" testId="434daec2-f146-0c86-1919-a9a24af40d21" testName="TestMethod2" computerName="SHIBASIS" duration="00:00:00.0003608" startTime="2019-02-01T13:33:14.4727253+11:00" endTime="2019-02-01T13:33:14.4757176+11:00" testType="13cdc9d9-ddb5-4fa4-a97d-d965ccfc6d4b" outcome="Passed" testListId="8c84fa94-04c1-424b-9868-57a2d4851a1d" relativeResultsDirectory="27330ffc-c523-4230-9aaf-a0d2772f83bd">
    </UnitTestResult>
    <UnitTestResult executionId="1f6d45e5-a2c4-45d5-af0e-873d95817bfe" testId="52ed34ed-9626-2df1-fd64-50c20bffe11c" testName="TestMethod4" computerName="SHIBASIS" duration="00:00:00.0002325" startTime="2019-02-01T13:33:14.4817156+11:00" endTime="2019-02-01T13:33:14.4847141+11:00" testType="13cdc9d9-ddb5-4fa4-a97d-d965ccfc6d4b" outcome="Passed" testListId="8c84fa94-04c1-424b-9868-57a2d4851a1d" relativeResultsDirectory="1f6d45e5-a2c4-45d5-af0e-873d95817bfe">
    </UnitTestResult>
    <UnitTestResult executionId="3a9f086e-7a21-42b1-ba3e-ad7752d49483" testId="ad616acd-2838-3dbd-c1c0-4bd9e5b4b309" testName="TestMethod1" computerName="SHIBASIS" duration="00:00:00.0002210" startTime="2019-02-01T13:33:14.4917081+11:00" endTime="2019-02-01T13:33:14.4947086+11:00" testType="13cdc9d9-ddb5-4fa4-a97d-d965ccfc6d4b" outcome="Passed" testListId="8c84fa94-04c1-424b-9868-57a2d4851a1d" relativeResultsDirectory="3a9f086e-7a21-42b1-ba3e-ad7752d49483">
    </UnitTestResult>
  </Results>
</TestRun>